user: Successfully added: To Kill a Mockingbird (Harper Lee).

user: Successfully added: The Hobbit (J.R.R. Tolkien).

user: No such file.

user: No such book in file.

user: Book already exists in system.

user: Book already exists in system.

user: Ending Library process.
