user: No such collection.

user: 17 books successfully added.

user: No books have been added to the system.

user: Ending Library process.
