user: Success.

user: Success.

user: Success.

user: 100000: Jeff

user: 100001: Chris Jones

user: 100002: Jeff Chris Jones Jr.

user: Success.

user: 100003: jacob

user: Ending Library process.
