user: No books in system.

user: 17 books successfully added.

user: To Kill a Mockingbird (Harper Lee)

user: Harry Potter 1 (J.K. Rowling)
Harry Potter 2 (J.K. Rowling)
Harry Potter 3 (J.K. Rowling)
Harry Potter 4 (J.K. Rowling)
Harry Potter 5 (J.K. Rowling)
Harry Potter 6 (J.K. Rowling)

user: No books by Steve Rogers.

user: The Hitchhiker's Guide to the Galaxy (Douglas Adams)
So Long and Thanks for all the Fish (Douglas Adams)

user: Ending Library process.
