user: Successfully added: To Kill a Mockingbird (Harper Lee).

user: Successfully added: The Hobbit (J.R.R. Tolkien).

user: Success.

user: Success.

user: No rental history.

user: No rental history.

user: Success.

user: Success.

user: Success.

user: Success.

user: Success.

user: Success.

user: 100000
100001

user: 100000

user: Ending Library process.
