user: No members in system.

user: Success.

user: No books in system.

user: 17 books successfully added.

user: Success.

user: Success.

user: Success.

user: Success.

user: Success.

user: Success.

user: Success.

user: Success.

user: Success.

user: Success.

user: Success.

user: Success.

user: Success.

user: Success.

user: Success.

user: Success.

user: Success.

user: Success.

user: Success.

user: Success.

user: Success.

user: Book is currently unavailable.

user: Success.

user: Success.

user: Success.

user: Success.

user: Duplicate members provided.

user: The Odyssey (Homer)
Harry Potter 2 (J.K. Rowling)
Harry Potter 3 (J.K. Rowling)

user: Ending Library process.
