user: No members in system.

user: Success.

user: Member not currently renting.

user: No such member in system.

user: 17 books successfully added.

user: Success.

user: Success.

user: To Kill a Mockingbird (Harper Lee)
The Hobbit (J.R.R. Tolkien)

user: Success.

user: The Hobbit (J.R.R. Tolkien)

user: Success.

user: Member not currently renting.

user: Ending Library process.
