user: No members in system.

user: Success.

user: 100000: Jeff Jones

user: No such member in system.

user: Success.

user: 100001: Jeff Jones

user: Ending Library process.
